{
  "Sku": "FA25407",
  "Ean": "5391015198161",
  "Name": "Smartwatch",
  "Description": "Noise-cancelling wireless headphones with up to 20 hours of battery life.",
  "Price": 174.62,
  "Stock": 412
}
