{
  "Sku": "MY29339",
  "Ean": "6404191439894",
  "Name": "Mouse",
  "Description": "Wireless gaming mouse with high precision sensor and 9 programmable buttons.",
  "Price": 64.76,
  "Stock": 975
}
